  Application.cpp
  Console.cpp
  EditorLayer.cpp
  OrthographicCamera.cpp
  Scene.cpp
  Serializer.cpp
  ScriptManager.cpp
  UI.cpp
  main.cpp
C:\Users\Vinay\Documents\Visual Studio 2022\Projects\gtoch\Dependencies\include\glad\glad.h(329,1): warning C4005: 'GL_ALL_ATTRIB_BITS': macro redefinition
  (compiling source file 'src/Development/Console.cpp')
  C:\Program Files (x86)\Windows Kits\10\Include\10.0.22621.0\um\GL\gl.h(107,1):
  see previous definition of 'GL_ALL_ATTRIB_BITS'
  
C:\Users\Vinay\Documents\Visual Studio 2022\Projects\gtoch\Dependencies\include\glad\glad.h(417,1): warning C4005: 'GL_LOGIC_OP': macro redefinition
  (compiling source file 'src/Development/Console.cpp')
  C:\Program Files (x86)\Windows Kits\10\Include\10.0.22621.0\um\GL\gl.h(1152,1):
  see previous definition of 'GL_LOGIC_OP'
  
C:\Users\Vinay\Documents\Visual Studio 2022\Projects\gtoch\Dependencies\include\glad\glad.h(501,1): warning C4005: 'GL_TEXTURE_COMPONENTS': macro redefinition
  (compiling source file 'src/Development/Console.cpp')
  C:\Program Files (x86)\Windows Kits\10\Include\10.0.22621.0\um\GL\gl.h(1153,1):
  see previous definition of 'GL_TEXTURE_COMPONENTS'
  
C:\Users\Vinay\Documents\Visual Studio 2022\Projects\gtoch\Dependencies\include\glad\glad.h(595,1): warning C4005: 'GL_CLIENT_ALL_ATTRIB_BITS': macro redefinition
  (compiling source file 'src/Development/Console.cpp')
  C:\Program Files (x86)\Windows Kits\10\Include\10.0.22621.0\um\GL\gl.h(973,1):
  see previous definition of 'GL_CLIENT_ALL_ATTRIB_BITS'
  
C:\Users\Vinay\Documents\Visual Studio 2022\Projects\gtoch\Dependencies\include\glad\glad.h(329,1): warning C4005: 'GL_ALL_ATTRIB_BITS': macro redefinition
  (compiling source file 'src/UI/UI.cpp')
  C:\Program Files (x86)\Windows Kits\10\Include\10.0.22621.0\um\GL\gl.h(107,1):
  see previous definition of 'GL_ALL_ATTRIB_BITS'
  
C:\Users\Vinay\Documents\Visual Studio 2022\Projects\gtoch\Dependencies\include\glad\glad.h(417,1): warning C4005: 'GL_LOGIC_OP': macro redefinition
  (compiling source file 'src/UI/UI.cpp')
  C:\Program Files (x86)\Windows Kits\10\Include\10.0.22621.0\um\GL\gl.h(1152,1):
  see previous definition of 'GL_LOGIC_OP'
  
C:\Users\Vinay\Documents\Visual Studio 2022\Projects\gtoch\Dependencies\include\glad\glad.h(501,1): warning C4005: 'GL_TEXTURE_COMPONENTS': macro redefinition
  (compiling source file 'src/UI/UI.cpp')
  C:\Program Files (x86)\Windows Kits\10\Include\10.0.22621.0\um\GL\gl.h(1153,1):
  see previous definition of 'GL_TEXTURE_COMPONENTS'
  
C:\Users\Vinay\Documents\Visual Studio 2022\Projects\gtoch\Dependencies\include\glad\glad.h(595,1): warning C4005: 'GL_CLIENT_ALL_ATTRIB_BITS': macro redefinition
  (compiling source file 'src/UI/UI.cpp')
  C:\Program Files (x86)\Windows Kits\10\Include\10.0.22621.0\um\GL\gl.h(973,1):
  see previous definition of 'GL_CLIENT_ALL_ATTRIB_BITS'
  
C:\Users\Vinay\Documents\Visual Studio 2022\Projects\gtoch\Dependencies\include\glad\glad.h(329,1): warning C4005: 'GL_ALL_ATTRIB_BITS': macro redefinition
  (compiling source file 'src/Development/EditorLayer.cpp')
  C:\Program Files (x86)\Windows Kits\10\Include\10.0.22621.0\um\GL\gl.h(107,1):
  see previous definition of 'GL_ALL_ATTRIB_BITS'
  
C:\Users\Vinay\Documents\Visual Studio 2022\Projects\gtoch\Dependencies\include\glad\glad.h(417,1): warning C4005: 'GL_LOGIC_OP': macro redefinition
  (compiling source file 'src/Development/EditorLayer.cpp')
  C:\Program Files (x86)\Windows Kits\10\Include\10.0.22621.0\um\GL\gl.h(1152,1):
  see previous definition of 'GL_LOGIC_OP'
  
C:\Users\Vinay\Documents\Visual Studio 2022\Projects\gtoch\Dependencies\include\glad\glad.h(501,1): warning C4005: 'GL_TEXTURE_COMPONENTS': macro redefinition
  (compiling source file 'src/Development/EditorLayer.cpp')
  C:\Program Files (x86)\Windows Kits\10\Include\10.0.22621.0\um\GL\gl.h(1153,1):
  see previous definition of 'GL_TEXTURE_COMPONENTS'
  
C:\Users\Vinay\Documents\Visual Studio 2022\Projects\gtoch\Dependencies\include\glad\glad.h(595,1): warning C4005: 'GL_CLIENT_ALL_ATTRIB_BITS': macro redefinition
  (compiling source file 'src/Development/EditorLayer.cpp')
  C:\Program Files (x86)\Windows Kits\10\Include\10.0.22621.0\um\GL\gl.h(973,1):
  see previous definition of 'GL_CLIENT_ALL_ATTRIB_BITS'
  
C:\Users\Vinay\Documents\Visual Studio 2022\Projects\gtoch\Dependencies\include\glad\glad.h(329,1): warning C4005: 'GL_ALL_ATTRIB_BITS': macro redefinition
  (compiling source file 'src/Scene/Scene.cpp')
  C:\Program Files (x86)\Windows Kits\10\Include\10.0.22621.0\um\GL\gl.h(107,1):
  see previous definition of 'GL_ALL_ATTRIB_BITS'
  
C:\Users\Vinay\Documents\Visual Studio 2022\Projects\gtoch\Dependencies\include\glad\glad.h(417,1): warning C4005: 'GL_LOGIC_OP': macro redefinition
  (compiling source file 'src/Scene/Scene.cpp')
  C:\Program Files (x86)\Windows Kits\10\Include\10.0.22621.0\um\GL\gl.h(1152,1):
  see previous definition of 'GL_LOGIC_OP'
  
C:\Users\Vinay\Documents\Visual Studio 2022\Projects\gtoch\Dependencies\include\glad\glad.h(501,1): warning C4005: 'GL_TEXTURE_COMPONENTS': macro redefinition
  (compiling source file 'src/Scene/Scene.cpp')
  C:\Program Files (x86)\Windows Kits\10\Include\10.0.22621.0\um\GL\gl.h(1153,1):
  see previous definition of 'GL_TEXTURE_COMPONENTS'
  
C:\Users\Vinay\Documents\Visual Studio 2022\Projects\gtoch\Dependencies\include\glad\glad.h(595,1): warning C4005: 'GL_CLIENT_ALL_ATTRIB_BITS': macro redefinition
  (compiling source file 'src/Scene/Scene.cpp')
  C:\Program Files (x86)\Windows Kits\10\Include\10.0.22621.0\um\GL\gl.h(973,1):
  see previous definition of 'GL_CLIENT_ALL_ATTRIB_BITS'
  
C:\Users\Vinay\Documents\Visual Studio 2022\Projects\gtoch\Dependencies\include\glad\glad.h(329,1): warning C4005: 'GL_ALL_ATTRIB_BITS': macro redefinition
  (compiling source file 'src/main.cpp')
  C:\Program Files (x86)\Windows Kits\10\Include\10.0.22621.0\um\GL\gl.h(107,1):
  see previous definition of 'GL_ALL_ATTRIB_BITS'
  
C:\Users\Vinay\Documents\Visual Studio 2022\Projects\gtoch\Dependencies\include\glad\glad.h(417,1): warning C4005: 'GL_LOGIC_OP': macro redefinition
  (compiling source file 'src/main.cpp')
  C:\Program Files (x86)\Windows Kits\10\Include\10.0.22621.0\um\GL\gl.h(1152,1):
  see previous definition of 'GL_LOGIC_OP'
  
C:\Users\Vinay\Documents\Visual Studio 2022\Projects\gtoch\Dependencies\include\glad\glad.h(501,1): warning C4005: 'GL_TEXTURE_COMPONENTS': macro redefinition
  (compiling source file 'src/main.cpp')
  C:\Program Files (x86)\Windows Kits\10\Include\10.0.22621.0\um\GL\gl.h(1153,1):
  see previous definition of 'GL_TEXTURE_COMPONENTS'
  
C:\Users\Vinay\Documents\Visual Studio 2022\Projects\gtoch\Dependencies\include\glad\glad.h(595,1): warning C4005: 'GL_CLIENT_ALL_ATTRIB_BITS': macro redefinition
  (compiling source file 'src/main.cpp')
  C:\Program Files (x86)\Windows Kits\10\Include\10.0.22621.0\um\GL\gl.h(973,1):
  see previous definition of 'GL_CLIENT_ALL_ATTRIB_BITS'
  
C:\Users\Vinay\Documents\Visual Studio 2022\Projects\gtoch\Dependencies\include\glad\glad.h(329,1): warning C4005: 'GL_ALL_ATTRIB_BITS': macro redefinition
  (compiling source file 'src/Scripts/ScriptManager.cpp')
  C:\Program Files (x86)\Windows Kits\10\Include\10.0.22621.0\um\GL\gl.h(107,1):
  see previous definition of 'GL_ALL_ATTRIB_BITS'
  
C:\Users\Vinay\Documents\Visual Studio 2022\Projects\gtoch\Dependencies\include\glad\glad.h(417,1): warning C4005: 'GL_LOGIC_OP': macro redefinition
  (compiling source file 'src/Scripts/ScriptManager.cpp')
  C:\Program Files (x86)\Windows Kits\10\Include\10.0.22621.0\um\GL\gl.h(1152,1):
  see previous definition of 'GL_LOGIC_OP'
  
C:\Users\Vinay\Documents\Visual Studio 2022\Projects\gtoch\Dependencies\include\glad\glad.h(501,1): warning C4005: 'GL_TEXTURE_COMPONENTS': macro redefinition
  (compiling source file 'src/Scripts/ScriptManager.cpp')
  C:\Program Files (x86)\Windows Kits\10\Include\10.0.22621.0\um\GL\gl.h(1153,1):
  see previous definition of 'GL_TEXTURE_COMPONENTS'
  
C:\Users\Vinay\Documents\Visual Studio 2022\Projects\gtoch\Dependencies\include\glad\glad.h(595,1): warning C4005: 'GL_CLIENT_ALL_ATTRIB_BITS': macro redefinition
  (compiling source file 'src/Scripts/ScriptManager.cpp')
  C:\Program Files (x86)\Windows Kits\10\Include\10.0.22621.0\um\GL\gl.h(973,1):
  see previous definition of 'GL_CLIENT_ALL_ATTRIB_BITS'
  
C:\Users\Vinay\Documents\Visual Studio 2022\Projects\gtoch\src\UI\UI.cpp(75,28): warning C4244: '=': conversion from 'double' to 'int', possible loss of data
C:\Users\Vinay\Documents\Visual Studio 2022\Projects\gtoch\src\UI\UI.cpp(76,28): warning C4244: '=': conversion from 'double' to 'int', possible loss of data
C:\Users\Vinay\Documents\Visual Studio 2022\Projects\gtoch\src\UI\UI.cpp(171,15): warning C4267: 'initializing': conversion from 'size_t' to 'int', possible loss of data
C:\Users\Vinay\Documents\Visual Studio 2022\Projects\gtoch\src\UI\UI.cpp(299,33): warning C4244: '=': conversion from 'float' to 'int', possible loss of data
C:\Users\Vinay\Documents\Visual Studio 2022\Projects\gtoch\src\UI\UI.cpp(307,48): warning C4244: '+=': conversion from 'float' to 'int', possible loss of data
C:\Users\Vinay\Documents\Visual Studio 2022\Projects\gtoch\src\Application.cpp(120,21): warning C4244: 'initializing': conversion from 'double' to 'float', possible loss of data
C:\Users\Vinay\Documents\Visual Studio 2022\Projects\gtoch\src\UI\UI.cpp(550,16): warning C4244: '=': conversion from 'double' to 'float', possible loss of data
C:\Users\Vinay\Documents\Visual Studio 2022\Projects\gtoch\src\UI\UI.cpp(757,16): warning C4244: '=': conversion from 'double' to 'unsigned int', possible loss of data
C:\Users\Vinay\Documents\Visual Studio 2022\Projects\gtoch\src\Development\Console.cpp(18,12): warning C4267: 'initializing': conversion from 'size_t' to 'int', possible loss of data
C:\Users\Vinay\Documents\Visual Studio 2022\Projects\gtoch\src\Development\Console.cpp(21,15): warning C4018: '>': signed/unsigned mismatch
C:\Users\Vinay\Documents\Visual Studio 2022\Projects\gtoch\src\Development\Console.cpp(33,18): warning C4267: 'initializing': conversion from 'size_t' to 'uint32_t', possible loss of data
C:\Users\Vinay\Documents\Visual Studio 2022\Projects\gtoch\src\UI\UI.cpp(816,16): warning C4244: '=': conversion from 'double' to 'uint16_t', possible loss of data
C:\Users\Vinay\Documents\Visual Studio 2022\Projects\gtoch\src\Development\Console.cpp(78,12): warning C4267: 'initializing': conversion from 'size_t' to 'int', possible loss of data
C:\Users\Vinay\Documents\Visual Studio 2022\Projects\gtoch\src\Development\Console.cpp(81,15): warning C4018: '>': signed/unsigned mismatch
C:\Users\Vinay\Documents\Visual Studio 2022\Projects\gtoch\src\Development\Console.cpp(118,28): warning C4244: 'initializing': conversion from 'float' to 'unsigned int', possible loss of data
C:\Users\Vinay\Documents\Visual Studio 2022\Projects\gtoch\src\Scene\Scene.cpp(133,27): warning C4267: 'initializing': conversion from 'size_t' to 'unsigned int', possible loss of data
C:\Users\Vinay\Documents\Visual Studio 2022\Projects\gtoch\src\Scene\Serializer.cpp(125,12): warning C4267: 'initializing': conversion from 'size_t' to 'int', possible loss of data
C:\Users\Vinay\Documents\Visual Studio 2022\Projects\gtoch\src\Scene\Serializer.cpp(127,30): warning C4018: '<': signed/unsigned mismatch
C:\Users\Vinay\Documents\Visual Studio 2022\Projects\gtoch\src\Scene\Scene.cpp(412,24): warning C4267: 'initializing': conversion from 'size_t' to 'unsigned int', possible loss of data
C:\Users\Vinay\Documents\Visual Studio 2022\Projects\gtoch\src\Scene\Scene.cpp(414,25): warning C4018: '<': signed/unsigned mismatch
C:\Users\Vinay\Documents\Visual Studio 2022\Projects\gtoch\src\Development\EditorLayer.cpp(927,26): warning C4267: 'initializing': conversion from 'size_t' to 'unsigned int', possible loss of data
C:\Users\Vinay\Documents\Visual Studio 2022\Projects\gtoch\src\Development\EditorLayer.cpp(331,12): warning C4101: 'cammatrix': unreferenced local variable
C:\Users\Vinay\Documents\Visual Studio 2022\Projects\gtoch\src\Scripts\ContactListener.h(246,1): warning C4715: 'ContactListener::GetEnemyID': not all control paths return a value
  gtoch.vcxproj -> C:\Users\Vinay\Documents\Visual Studio 2022\Projects\gtoch\x64\Debug\gtoch.exe
